I'm sorry, but errors were detected in your script. Please correct the
errors listed below, and try again.


File "game/script.rpy", line 22: menu statement expects a non-empty block.
    menu (nvl=True):
        ^

File "game/script.rpy", line 23: expected statement.
    "I prefer NVL-mode.":
                        ^

File "game/script.rpy", line 26: expected statement.
    "ADV-mode is more for me.":
                              ^

Ren'Py Version: Ren'Py 8.0.3.22090809
Mon Apr 10 00:28:08 2023
